// Vitest Snapshot v1, https://vitest.dev/guide/snapshot.html

exports[`formatGatewayReadyTimings > matches the full combined snapshot for the captured production payloads 1`] = `
"slowest: session_ready_collect:collect_ready_presences/2 (76.883), list_private_channels (40.274), get_read_states (21.124)
gateway-77d76684d9-hvvrm: 567.48
|  gateway_handler_identify:validate_identify_data/1: 0.139
|  session_manager_shard_lifecycle:acquire_and_fetch/2: 84.009
|  |  gateway_concurrency:try_acquire_session_start/0: 0.006
|  |  session_manager_shard_drain:fetch_rpc_data/2 -> api-b6478896-6mkw5: 83.795
|  |  |  api-b6478896-6mkw5 (api): 73.513
|  |  |  |  build_rate_limit_bucket_key: 0
|  |  |  |  build_rtc_regions: 0.046
|  |  |  |  build_session_response_payload: 6.193
|  |  |  |  |  encode_read_state_proto: 5.119
|  |  |  |  |  map_auth_session_id_hash: 0.037
|  |  |  |  |  map_favorite_memes: 0.038
|  |  |  |  |  map_notes: 0.007
|  |  |  |  |  map_pinned_dms: 0.002
|  |  |  |  |  map_read_states: 0.275
|  |  |  |  |  map_user: 0.222
|  |  |  |  |  map_user_guild_settings: 0.314
|  |  |  |  |  map_user_settings: 0.15
|  |  |  |  |  map_webauthn_credentials: 0.001
|  |  |  |  check_session_rate_limit: 0.794
|  |  |  |  compute_token_hash_prefix: 0.001
|  |  |  |  ensure_personal_notes_channel: 2.036
|  |  |  |  ensure_private_channels_within_limit: 0.064
|  |  |  |  |  resolve_private_channel_limit: 0.057
|  |  |  |  hash_session_token: 0.039
|  |  |  |  load_user_data: 43.545
|  |  |  |  |  find_all_guild_settings: 7.296
|  |  |  |  |  find_settings: 6.735
|  |  |  |  |  find_user: 3.136
|  |  |  |  |  get_pinned_dms: 4.093
|  |  |  |  |  get_read_states: 21.124
|  |  |  |  |  get_user_guild_ids: 5.144
|  |  |  |  |  get_user_notes: 3.716
|  |  |  |  |  list_favorite_memes: 3.676
|  |  |  |  |  list_private_channels: 40.274
|  |  |  |  |  list_relationships: 6.678
|  |  |  |  |  list_webauthn_credentials: 3.709
|  |  |  |  log_session_handling_completed: 0.01
|  |  |  |  log_session_handling_started: 0.005
|  |  |  |  lookup_geoip: 0.139
|  |  |  |  map_geoip_result: 0.01
|  |  |  |  map_ready_payloads: 17.544
|  |  |  |  |  map_guild_ids: 0.01
|  |  |  |  |  map_private_channels: 0.592
|  |  |  |  |  map_relationships: 0.394
|  |  |  |  |  preload_user_partials: 16.941
|  |  |  |  |  |  collect_user_partial_ids: 0.043
|  |  |  |  |  |  users_service_request: 16.783
|  |  |  |  normalize_session_token: 0.003
|  |  |  |  parse_token_type: 0.001
|  |  |  |  process_session_start: 0.123
|  |  |  |  |  apply_high_risk_country_inbound_phone_requirement: 0.025
|  |  |  |  |  |  check_bot_user: 0
|  |  |  |  |  |  check_verified_phone: 0
|  |  |  |  |  build_session_flag_patch: 0
|  |  |  |  |  clear_expired_custom_status: 0
|  |  |  |  |  compute_session_and_premium_flags: 0.009
|  |  |  |  |  queue_country_sighting_record: 0.043
|  |  |  |  queue_payment_reconciliation: 0
|  |  |  |  queue_stripe_premium_state_reconciliation: 0.001
|  |  |  |  sync_repaired_user_data: 0
|  |  |  |  validate_user_session_token: 2.86
|  session_manager_shard_start:validate_identify_payload/1: 0.115
|  gateway_rollout_config:is_session_eligible/1: 0.08
|  session_abuse_protection:check_user_session_limit/1: 0.076
|  session_manager_shard_drain:build_session_data/7: 4.055
|  session_init:build_state/1: 0.633
|  session_init:schedule_timers/1: 14.01
|  presence_manager:start_or_lookup/1 -> gateway-presence-1: 1.767
|  presence_session:handle_session_connect/3 -> gateway-presence-1: 1.462
|  session_connection_guild_resolve:do_remote_guild_connect_attempt/4 -> gateway-guilds-10: 0.706
|  session_connection_guild_resolve:do_remote_guild_connect_attempt/4 -> gateway-guilds-6: 0.67
|  session_connection_guild_resolve:do_remote_guild_connect_attempt/4 -> gateway-guilds-6: 0.748
|  session_connection_guild_resolve:do_remote_guild_connect_attempt/4 -> gateway-guilds-6: 0.813
|  session_connection_guild_resolve:send_connect_cast/5 -> gateway-guilds-10: 0.235
|  session_connection_guild_resolve:send_connect_cast/5 -> gateway-guilds-6: 0.236
|  session_connection_guild_resolve:send_connect_cast/5 -> gateway-guilds-6: 0.218
|  session_connection_guild_resolve:do_remote_guild_connect_attempt/4 -> gateway-guilds-11: 0.957
|  session_connection_guild_resolve:send_connect_cast/5 -> gateway-guilds-6: 0.204
|  session_connection_guild:do_guild_connect/1: 1.191
|  session_connection_guild:do_guild_connect/1: 1.149
|  session_connection_guild:do_guild_connect/1: 1.255
|  session_connection_guild_resolve:send_connect_cast/5 -> gateway-guilds-11: 0.136
|  session_connection_guild_resolve:do_remote_guild_connect_attempt/4 -> gateway-guilds-7: 1.348
|  session_connection_guild_resolve:do_remote_guild_connect_attempt/4 -> gateway-guilds-7: 1.28
|  session_connection_guild:do_guild_connect/1: 1.371
|  session_connection_guild:do_guild_connect/1: 1.317
|  session_connection_guild_resolve:send_connect_cast/5 -> gateway-guilds-7: 0.154
|  session_connection_guild:do_guild_connect/1: 1.747
|  session_connection_guild_resolve:do_remote_guild_connect_attempt/4 -> gateway-guilds-2: 1.738
|  session_connection_guild_resolve:do_remote_guild_connect_attempt/4 -> gateway-guilds-8: 2.024
|  session_connection_guild_resolve:do_remote_guild_connect_attempt/4 -> gateway-guilds-2: 1.916
|  session_connection_guild_resolve:do_remote_guild_connect_attempt/4 -> gateway-guilds-2: 2.044
|  session_connection_guild_resolve:do_remote_guild_connect_attempt/4 -> gateway-guilds-1: 2.103
|  session_connection_guild_resolve:do_remote_guild_connect_attempt/4 -> gateway-guilds-1: 2.048
|  session_connection_guild_resolve:do_remote_guild_connect_attempt/4 -> gateway-guilds-0: 2.128
|  session_connection_guild_resolve:do_remote_guild_connect_attempt/4 -> gateway-guilds-0: 2.142
|  session_connection_guild_resolve:send_connect_cast/5 -> gateway-guilds-8: 0.303
|  session_connection_guild_resolve:do_remote_guild_connect_attempt/4 -> gateway-guilds-3: 2.153
|  session_connection_guild_resolve:do_remote_guild_connect_attempt/4 -> gateway-guilds-3: 2.164
|  session_connection_guild_resolve:send_connect_cast/5 -> gateway-guilds-7: 0.923
|  session_connection_guild_resolve:send_connect_cast/5 -> gateway-guilds-2: 0.321
|  session_connection_guild_resolve:do_remote_guild_connect_attempt/4 -> gateway-guilds-4: 2.405
|  session_connection_guild_resolve:send_connect_cast/5 -> gateway-guilds-2: 0.368
|  session_connection_guild_resolve:do_remote_guild_connect_attempt/4 -> gateway-guilds-3: 2.467
|  session_connection_guild_resolve:send_connect_cast/5 -> gateway-guilds-0: 0.211
|  session_connection_guild_resolve:send_connect_cast/5 -> gateway-guilds-2: 0.493
|  session_connection_guild:do_guild_connect/1: 2.608
|  session_connection_guild:do_guild_connect/1: 2.735
|  session_connection_guild:do_guild_connect/1: 2.839
|  session_connection_guild:do_guild_connect/1: 2.709
|  session_connection_guild_resolve:send_connect_cast/5 -> gateway-guilds-1: 0.546
|  session_connection_guild_resolve:send_connect_cast/5 -> gateway-guilds-4: 0.196
|  session_connection_guild_resolve:send_connect_cast/5 -> gateway-guilds-0: 0.412
|  session_connection_guild_resolve:send_connect_cast/5 -> gateway-guilds-1: 0.552
|  session_connection_guild:do_guild_connect/1: 2.872
|  session_connection_guild:do_guild_connect/1: 2.844
|  session_connection_guild_resolve:do_remote_guild_connect_attempt/4 -> gateway-guilds-0: 2.973
|  session_connection_guild:do_guild_connect/1: 2.883
|  session_connection_guild_resolve:send_connect_cast/5 -> gateway-guilds-3: 0.343
|  session_connection_guild_resolve:send_connect_cast/5 -> gateway-guilds-3: 0.275
|  session_connection_guild_resolve:send_connect_cast/5 -> gateway-guilds-3: 0.174
|  session_connection_guild:do_guild_connect/1: 2.952
|  session_connection_guild:do_guild_connect/1: 2.972
|  session_connection_guild_resolve:do_remote_guild_connect_attempt/4 -> gateway-guilds-1: 3.107
|  session_connection_guild_resolve:do_remote_guild_connect_attempt/4 -> gateway-guilds-4: 3.12
|  session_connection_guild:do_guild_connect/1: 3.072
|  session_connection_guild:do_guild_connect/1: 3.095
|  session_connection_guild_resolve:do_remote_guild_connect_attempt/4 -> gateway-guilds-8: 3.068
|  session_connection_guild_resolve:do_remote_guild_connect_attempt/4 -> gateway-guilds-1: 3.103
|  session_connection_guild_resolve:do_remote_guild_connect_attempt/4 -> gateway-guilds-3: 3.161
|  session_connection_guild_resolve:do_remote_guild_connect_attempt/4 -> gateway-guilds-1: 3.102
|  session_connection_guild_resolve:do_remote_guild_connect_attempt/4 -> gateway-guilds-3: 3.095
|  session_connection_guild:do_guild_connect/1: 3.186
|  session_connection_guild:do_guild_connect/1: 3.131
|  session_connection_guild_resolve:do_remote_guild_connect_attempt/4 -> gateway-guilds-3: 3.086
|  session_connection_guild_resolve:send_connect_cast/5 -> gateway-guilds-0: 0.132
|  session_connection_guild_resolve:send_connect_cast/5 -> gateway-guilds-4: 0.172
|  session_connection_guild:do_guild_connect/1: 3.451
|  session_connection_guild_resolve:send_connect_cast/5 -> gateway-guilds-1: 0.277
|  session_connection_guild_resolve:send_connect_cast/5 -> gateway-guilds-1: 0.207
|  session_connection_guild:do_guild_connect/1: 3.501
|  session_connection_guild_resolve:send_connect_cast/5 -> gateway-guilds-1: 0.436
|  session_connection_guild:do_guild_connect/1: 3.579
|  session_connection_guild_resolve:send_connect_cast/5 -> gateway-guilds-8: 0.448
|  session_connection_guild_resolve:send_connect_cast/5 -> gateway-guilds-3: 0.345
|  session_connection_guild_resolve:send_connect_cast/5 -> gateway-guilds-3: 0.246
|  session_connection_guild:do_guild_connect/1: 3.623
|  session_connection_guild_resolve:send_connect_cast/5 -> gateway-guilds-3: 0.366
|  session_connection_guild:do_guild_connect/1: 3.685
|  session_connection_guild:do_guild_connect/1: 3.709
|  session_connection_guild:do_guild_connect/1: 3.791
|  session_connection_guild:do_guild_connect/1: 3.716
|  session_connection_guild:do_guild_connect/1: 3.778
|  session_connection_guild_resolve:do_remote_guild_connect_attempt/4 -> gateway-guilds-5: 4.822
|  session_connection_guild_resolve:do_remote_guild_connect_attempt/4 -> gateway-guilds-5: 4.845
|  session_connection_guild_resolve:do_remote_guild_connect_attempt/4 -> gateway-guilds-5: 4.871
|  session_connection_guild_resolve:send_connect_cast/5 -> gateway-guilds-5: 0.174
|  session_connection_guild_resolve:send_connect_cast/5 -> gateway-guilds-5: 0.232
|  session_connection_guild:do_guild_connect/1: 5.193
|  session_connection_guild:do_guild_connect/1: 5.254
|  session_connection_guild_resolve:send_connect_cast/5 -> gateway-guilds-5: 0.275
|  session_connection_guild_resolve:do_remote_guild_connect_attempt/4 -> gateway-guilds-5: 5.28
|  session_connection_guild:do_guild_connect/1: 5.346
|  session_connection_guild_resolve:send_connect_cast/5 -> gateway-guilds-5: 0.126
|  session_connection_guild:do_guild_connect/1: 5.611
|  session_connection_guild_resolve:do_remote_guild_connect_attempt/4 -> gateway-guilds-6: 0.697
|  session_connection_guild_resolve:do_remote_guild_connect_attempt/4 -> gateway-guilds-6: 0.805
|  session_connection_guild_resolve:do_remote_guild_connect_attempt/4 -> gateway-guilds-11: 0.74
|  session_connection_guild_resolve:send_connect_cast/5 -> gateway-guilds-6: 0.154
|  session_connection_guild_resolve:send_connect_cast/5 -> gateway-guilds-6: 0.218
|  session_connection_guild:do_guild_connect/1: 1.105
|  session_connection_guild_resolve:do_remote_guild_connect_attempt/4 -> gateway-guilds-11: 0.998
|  session_connection_guild_resolve:do_remote_guild_connect_attempt/4 -> gateway-guilds-10: 1.086
|  session_connection_guild_resolve:send_connect_cast/5 -> gateway-guilds-11: 0.355
|  session_connection_guild:do_guild_connect/1: 1.482
|  session_connection_guild_resolve:do_remote_guild_connect_attempt/4 -> gateway-guilds-10: 1.329
|  session_connection_guild:do_guild_connect/1: 1.403
|  session_connection_guild_resolve:send_connect_cast/5 -> gateway-guilds-10: 0.372
|  session_connection_guild_resolve:send_connect_cast/5 -> gateway-guilds-11: 0.384
|  session_connection_guild_resolve:do_remote_guild_connect_attempt/4 -> gateway-guilds-7: 1.566
|  session_connection_guild_resolve:do_remote_guild_connect_attempt/4 -> gateway-guilds-0: 1.745
|  session_connection_guild_resolve:do_remote_guild_connect_attempt/4 -> gateway-guilds-11: 1.598
|  session_connection_guild:do_guild_connect/1: 1.891
|  session_connection_guild_resolve:do_remote_guild_connect_attempt/4 -> gateway-guilds-2: 2.038
|  session_connection_guild_resolve:do_remote_guild_connect_attempt/4 -> gateway-guilds-1: 1.932
|  session_connection_guild:do_guild_connect/1: 1.93
|  session_connection_guild_resolve:send_connect_cast/5 -> gateway-guilds-7: 0.357
|  session_connection_guild_resolve:do_remote_guild_connect_attempt/4 -> gateway-guilds-2: 2.146
|  session_connection_guild_resolve:send_connect_cast/5 -> gateway-guilds-10: 0.667
|  session_connection_guild_resolve:do_remote_guild_connect_attempt/4 -> gateway-guilds-1: 2.294
|  session_connection_guild_resolve:do_remote_guild_connect_attempt/4 -> gateway-guilds-3: 2.281
|  session_connection_guild_resolve:send_connect_cast/5 -> gateway-guilds-2: 0.314
|  session_connection_guild:do_guild_connect/1: 2.275
|  session_connection_guild_resolve:do_remote_guild_connect_attempt/4 -> gateway-guilds-9: 2.288
|  session_connection_guild_resolve:send_connect_cast/5 -> gateway-guilds-1: 0.267
|  session_connection_guild:do_guild_connect/1: 2.504
|  session_connection_guild:do_guild_connect/1: 2.698
|  session_connection_guild_resolve:send_connect_cast/5 -> gateway-guilds-3: 0.139
|  session_connection_guild_resolve:do_remote_guild_connect_attempt/4 -> gateway-guilds-1: 2.703
|  session_connection_guild_resolve:send_connect_cast/5 -> gateway-guilds-0: 0.8
|  session_connection_guild_resolve:do_remote_guild_connect_attempt/4 -> gateway-guilds-3: 2.707
|  session_connection_guild_resolve:do_remote_guild_connect_attempt/4 -> gateway-guilds-3: 2.672
|  session_connection_guild_resolve:do_remote_guild_connect_attempt/4 -> gateway-guilds-8: 2.863
|  session_connection_guild:do_guild_connect/1: 2.721
|  session_connection_guild_resolve:do_remote_guild_connect_attempt/4 -> gateway-guilds-8: 2.665
|  session_connection_guild_resolve:do_remote_guild_connect_attempt/4 -> gateway-guilds-4: 2.727
|  session_connection_guild_resolve:do_remote_guild_connect_attempt/4 -> gateway-guilds-4: 2.712
|  session_connection_guild_resolve:send_connect_cast/5 -> gateway-guilds-1: 0.238
|  session_connection_guild_resolve:do_remote_guild_connect_attempt/4 -> gateway-guilds-4: 3.083
|  session_connection_guild_resolve:send_connect_cast/5 -> gateway-guilds-9: 0.206
|  session_connection_guild:do_guild_connect/1: 3.013
|  session_connection_guild_resolve:send_connect_cast/5 -> gateway-guilds-3: 0.236
|  session_connection_guild:do_guild_connect/1: 2.959
|  session_connection_guild_resolve:send_connect_cast/5 -> gateway-guilds-4: 0.183
|  session_connection_guild_resolve:send_connect_cast/5 -> gateway-guilds-8: 0.258
|  session_connection_guild_resolve:send_connect_cast/5 -> gateway-guilds-3: 0.379
|  session_connection_guild:do_guild_connect/1: 3.229
|  session_connection_guild_resolve:send_connect_cast/5 -> gateway-guilds-4: 0.274
|  session_connection_guild:do_guild_connect/1: 3.199
|  session_connection_guild:do_guild_connect/1: 3.287
|  session_connection_guild:do_guild_connect/1: 3.195
|  session_connection_guild_resolve:send_connect_cast/5 -> gateway-guilds-11: 1.011
|  session_connection_guild_resolve:do_remote_guild_connect_attempt/4 -> gateway-guilds-8: 3.541
|  session_connection_guild:do_guild_connect/1: 3.382
|  session_connection_guild:do_guild_connect/1: 3.379
|  session_connection_guild_resolve:do_remote_guild_connect_attempt/4 -> gateway-guilds-9: 3.425
|  session_connection_guild_resolve:do_remote_guild_connect_attempt/4 -> gateway-guilds-5: 3.632
|  session_connection_guild_resolve:send_connect_cast/5 -> gateway-guilds-2: 0.251
|  session_connection_guild_resolve:do_remote_guild_connect_attempt/4 -> gateway-guilds-5: 3.493
|  session_connection_guild:do_guild_connect/1: 3.371
|  session_connection_guild_resolve:do_remote_guild_connect_attempt/4 -> gateway-guilds-4: 3.386
|  session_connection_guild:do_guild_connect/1: 3.544
|  session_connection_guild_resolve:do_remote_guild_connect_attempt/4 -> gateway-guilds-5: 3.535
|  session_connection_guild_resolve:do_remote_guild_connect_attempt/4 -> gateway-guilds-5: 3.502
|  session_connection_guild_resolve:do_remote_guild_connect_attempt/4 -> gateway-guilds-5: 3.539
|  session_connection_guild_resolve:send_connect_cast/5 -> gateway-guilds-1: 0.728
|  session_connection_guild:do_guild_connect/1: 3.545
|  session_connection_guild_resolve:send_connect_cast/5 -> gateway-guilds-8: 0.549
|  session_connection_guild_resolve:send_connect_cast/5 -> gateway-guilds-8: 0.262
|  session_connection_guild_resolve:send_connect_cast/5 -> gateway-guilds-5: 0.127
|  session_connection_guild_resolve:send_connect_cast/5 -> gateway-guilds-5: 0.245
|  session_connection_guild_resolve:send_connect_cast/5 -> gateway-guilds-9: 0.248
|  session_connection_guild:do_guild_connect/1: 4.051
|  session_connection_guild:do_guild_connect/1: 3.908
|  session_connection_guild_resolve:send_connect_cast/5 -> gateway-guilds-4: 0.664
|  session_connection_guild:do_guild_connect/1: 4.09
|  session_connection_guild:do_guild_connect/1: 3.95
|  session_connection_guild_resolve:send_connect_cast/5 -> gateway-guilds-4: 0.267
|  session_connection_guild:do_guild_connect/1: 4.062
|  session_connection_guild_resolve:send_connect_cast/5 -> gateway-guilds-5: 0.326
|  session_connection_guild:do_guild_connect/1: 4.281
|  session_connection_guild_resolve:send_connect_cast/5 -> gateway-guilds-5: 0.202
|  session_connection_guild:do_guild_connect/1: 4.165
|  session_connection_guild_resolve:send_connect_cast/5 -> gateway-guilds-5: 0.321
|  session_connection_guild:do_guild_connect/1: 3.982
|  session_connection_guild:do_guild_connect/1: 4.127
|  session_connection_guild:do_guild_connect/1: 4.185
|  session_connection_guild:do_guild_connect/1: 4.197
|  session_connection_guild_resolve:do_remote_guild_connect_attempt/4 -> gateway-guilds-9: 2.013
|  session_connection_guild_resolve:do_remote_guild_connect_attempt/4 -> gateway-guilds-3: 2.128
|  session_connection_guild_resolve:send_connect_cast/5 -> gateway-guilds-9: 0.259
|  session_connection_guild_resolve:send_connect_cast/5 -> gateway-guilds-3: 0.275
|  session_connection_guild:do_guild_connect/1: 2.634
|  session_connection_guild:do_guild_connect/1: 2.609
|  session_ready_dispatch:dispatch_ready_to_socket/1: 77.988
|  |  session_ready_collect:collect_ready_presences/2: 76.883
|  |  session_ready_collect:collect_ready_users/2: 0.651
|  |  session_ready_dispatch:build_final_ready_data/9: 0.243"
`;
